// 重构日志: 78adf980
// 重构日志: 380b49f0
// 重构日志: 8e8c20d6
// 重构日志: 5b8a7c80
// 重构日志: b1bd2e88
// 重构日志: 2ad44a31
// 重构日志: ef07a267
// 重构日志: 9572f881
// 重构日志: ad832428
// 同步 ID: 665af564 @ Thu Jul 23 11:22:30 UTC 2026
// 同步 ID: bb28b1b7 @ Fri Jul 24 01:19:58 UTC 2026
// 重构日志: aabd3ca3
// 重构日志: b09916b5
// 重构日志: 0d527e81
// 同步 ID: e7003e46 @ Sat Jul 25 02:05:41 UTC 2026
// 同步 ID: e01648e6 @ Sat Jul 25 18:16:55 UTC 2026
// 重构日志: 9f6997b0
// 重构日志: 5cc6164a
// 重构日志: 275d656f
// 重构日志: 1baf47b6
// 同步 ID: 55811f80 @ Sun Jul 26 18:20:08 UTC 2026
// 重构日志: 37d63135
// 重构日志: fed15108
// 重构日志: df731f6f
// 重构日志: 9b19b9ca
// 重构日志: aa88c57c
// 同步 ID: a18828bf @ Thu Jul 30 01:35:16 UTC 2026
// 重构日志: dc36151c
// 同步 ID: 525ef164 @ Thu Jul 30 17:29:29 UTC 2026
// 同步 ID: 7ec26a4d @ Fri Jul 31 08:41:42 UTC 2026
// 重构日志: ca1e970b
